/scratch/vimohr/lean_run/publication-repos/superchannel-amortization/artifact/lean/OpenQ/Foundations/Basic.lean:65:0: warning: automatically included section variable(s) unused in theorem `OpenQ.IsSeparable.isSeparableOperator`:
  [DecidableEq m]
  [DecidableEq n]
consider restructuring your `variable` declarations so that the variables are not in scope or explicitly omit them:
  omit [DecidableEq m] [DecidableEq n] in theorem ...

Note: This linter can be disabled with `set_option linter.unusedSectionVars false`
/scratch/vimohr/lean_run/publication-repos/superchannel-amortization/artifact/lean/OpenQ/Foundations/Basic.lean:71:0: warning: automatically included section variable(s) unused in theorem `OpenQ.partialTranspose_partialTranspose`:
  [Fintype m]
  [Fintype n]
  [DecidableEq m]
  [DecidableEq n]
consider restructuring your `variable` declarations so that the variables are not in scope or explicitly omit them:
  omit [Fintype m] [Fintype n] [DecidableEq m] [DecidableEq n] in theorem ...

Note: This linter can be disabled with `set_option linter.unusedSectionVars false`
/scratch/vimohr/lean_run/publication-repos/superchannel-amortization/artifact/lean/OpenQ/Foundations/Basic.lean:77:0: warning: automatically included section variable(s) unused in theorem `OpenQ.trace_partialTranspose`:
  [DecidableEq m]
  [DecidableEq n]
consider restructuring your `variable` declarations so that the variables are not in scope or explicitly omit them:
  omit [DecidableEq m] [DecidableEq n] in theorem ...

Note: This linter can be disabled with `set_option linter.unusedSectionVars false`
/scratch/vimohr/lean_run/publication-repos/superchannel-amortization/artifact/lean/OpenQ/Foundations/Basic.lean:82:0: warning: automatically included section variable(s) unused in theorem `OpenQ.partialTranspose_kronecker`:
  [Fintype m]
  [Fintype n]
  [DecidableEq m]
  [DecidableEq n]
consider restructuring your `variable` declarations so that the variables are not in scope or explicitly omit them:
  omit [Fintype m] [Fintype n] [DecidableEq m] [DecidableEq n] in theorem ...

Note: This linter can be disabled with `set_option linter.unusedSectionVars false`
/scratch/vimohr/lean_run/publication-repos/superchannel-amortization/artifact/lean/OpenQ/Foundations/Basic.lean:85:26: warning: This simp argument is unused:
  Matrix.kronecker

Hint: Omit it from the simp argument list.
  [apply] simp [partialTranspose, Matrix.kroneckerMap_apply, Matrix.transpose_apply]

Note: This linter can be disabled with `set_option linter.unusedSimpArgs false`
/scratch/vimohr/lean_run/publication-repos/superchannel-amortization/artifact/lean/OpenQ/Foundations/Basic.lean:88:0: warning: automatically included section variable(s) unused in theorem `OpenQ.partialTraceRight_kronecker`:
  [Fintype m]
  [DecidableEq m]
  [DecidableEq n]
consider restructuring your `variable` declarations so that the variables are not in scope or explicitly omit them:
  omit [Fintype m] [DecidableEq m] [DecidableEq n] in theorem ...

Note: This linter can be disabled with `set_option linter.unusedSectionVars false`
/scratch/vimohr/lean_run/publication-repos/superchannel-amortization/artifact/lean/OpenQ/Foundations/Basic.lean:91:27: warning: This simp argument is unused:
  Matrix.kronecker

Hint: Omit it from the simp argument list.
  [apply] simp [partialTraceRight, Matrix.kroneckerMap_apply, Matrix.trace, Finset.mul_sum, mul_comm]

Note: This linter can be disabled with `set_option linter.unusedSimpArgs false`
